// Jest Snapshot v1, https://goo.gl/fbAQLP

exports[`to match snapshot 1`] = `
<div
  className="d-flex flex-column justify-content-center app"
>
  <Component />
</div>
`;
