// Jest Snapshot v1, https://goo.gl/fbAQLP

exports[`to match snapshot 1`] = `
<ContextConsumer>
  <Component />
</ContextConsumer>
`;
