// Jest Snapshot v1, https://goo.gl/fbAQLP

exports[`to match snapshot 1`] = `
<div
  className="font-weight-bold"
>
  13 hours
</div>
`;
